******************************************************************************
                  MSP430 Linker PC v21.6.1                     
******************************************************************************
>> Linked Wed Apr 29 00:30:23 2026

OUTPUT FILE NAME:   <Final Project.out>
ENTRY POINT SYMBOL: "_c_int00_noargs"  address: 0000d928


MEMORY CONFIGURATION

         name            origin    length      used     unused   attr    fill
----------------------  --------  ---------  --------  --------  ----  --------
  SFR                   00000000   00000010  00000000  00000010  RWIX
  PERIPHERALS_8BIT      00000010   000000f0  00000000  000000f0  RWIX
  PERIPHERALS_16BIT     00000100   00000100  00000000  00000100  RWIX
  RAM                   00000200   00000200  0000006c  00000194  RWIX
  INFOD                 00001000   00000040  00000000  00000040  RWIX
  INFOC                 00001040   00000040  00000000  00000040  RWIX
  INFOB                 00001080   00000040  00000000  00000040  RWIX
  INFOA                 000010c0   00000040  00000000  00000040  RWIX
  FLASH                 0000c000   00003fde  00001bda  00002404  RWIX
  BSLSIGNATURE          0000ffde   00000002  00000002  00000000  RWIX  ffff 
  INT00                 0000ffe0   00000002  00000002  00000000  RWIX
  INT01                 0000ffe2   00000002  00000000  00000002  RWIX
  INT02                 0000ffe4   00000002  00000002  00000000  RWIX
  INT03                 0000ffe6   00000002  00000002  00000000  RWIX
  INT04                 0000ffe8   00000002  00000000  00000002  RWIX
  INT05                 0000ffea   00000002  00000002  00000000  RWIX
  INT06                 0000ffec   00000002  00000002  00000000  RWIX
  INT07                 0000ffee   00000002  00000002  00000000  RWIX
  INT08                 0000fff0   00000002  00000002  00000000  RWIX
  INT09                 0000fff2   00000002  00000002  00000000  RWIX
  INT10                 0000fff4   00000002  00000002  00000000  RWIX
  INT11                 0000fff6   00000002  00000002  00000000  RWIX
  INT12                 0000fff8   00000002  00000002  00000000  RWIX
  INT13                 0000fffa   00000002  00000002  00000000  RWIX
  INT14                 0000fffc   00000002  00000002  00000000  RWIX
  RESET                 0000fffe   00000002  00000002  00000000  RWIX


SECTION ALLOCATION MAP

 output                                  attributes/
section   page    origin      length       input sections
--------  ----  ----------  ----------   ----------------
.data      0    00000200    0000001c     UNINITIALIZED
                  00000200    00000014     main.obj (.data)
                  00000214    00000004     rts430_eabi.lib : rand.c.obj (.data)
                  00000218    00000002                     : _lock.c.obj (.data:_lock)
                  0000021a    00000002                     : _lock.c.obj (.data:_unlock)

.stack     0    000003b0    00000050     UNINITIALIZED
                  000003b0    00000002     rts430_eabi.lib : boot.c.obj (.stack)
                  000003b2    0000004e     --HOLE--

.text      0    0000c000    00001a44     
                  0000c000    0000051c     main.obj (.text:main)
                  0000c51c    000002c0     rts430_eabi.lib : mpyd.c.obj (.text:__mspabi_mpyd)
                  0000c7dc    00000172                     : frcmpyd.c.obj (.text:__TI_frcmpyd)
                  0000c94e    00000132                     : fs_add.asm.obj (.text)
                  0000ca80    00000114                     : mult64.asm.obj (.text:__mpyll)
                  0000cb94    000000c4                     : fs_mpy.asm.obj (.text)
                  0000cc58    000000b4                     : cvtdf.c.obj (.text:__mspabi_cvtdf)
                  0000cd0c    000000ae     Utils.obj (.text:formatTimeString)
                  0000cdba    000000ae     LCD.obj (.text:printLongString)
                  0000ce68    000000aa     Utils.obj (.text:formatAccuracy)
                  0000cf12    0000009c     rts430_eabi.lib : fs_div.asm.obj (.text)
                  0000cfae    00000094     Ultrasonic.obj (.text:getDistance)
                  0000d042    0000008a     rts430_eabi.lib : fltuld.c.obj (.text:__mspabi_fltuld)
                  0000d0cc    0000008a     Utils.obj (.text:formatDistance)
                  0000d156    0000007e     LCD.obj (.text:initLCD)
                  0000d1d4    0000007c     rts430_eabi.lib : copy_decompress_lzss.c.obj (.text:decompress:lzss:__TI_decompress_lzss)
                  0000d250    00000074                     : fixdul.c.obj (.text:__mspabi_fixdul)
                  0000d2c4    00000074     Utils.obj (.text:formatCount)
                  0000d338    00000070     rts430_eabi.lib : cvtfd.c.obj (.text:__mspabi_cvtfd)
                  0000d3a8    0000005c                     : lsr32.asm.obj (.text:l_lsr_const)
                  0000d404    00000058                     : div32u.asm.obj (.text)
                  0000d45c    0000004c                     : lsr16.asm.obj (.text)
                  0000d4a8    0000004a                     : fs_cmp.asm.obj (.text)
                  0000d4f2    00000048     LCD.obj (.text:writeCommand)
                  0000d53a    00000046     rts430_eabi.lib : lsr64.c.obj (.text:__mspabi_srlll)
                  0000d580    00000046                     : fs_tou.asm.obj (.text)
                  0000d5c6    00000044                     : lsl64.c.obj (.text:__mspabi_sllll)
                  0000d60a    00000042                     : autoinit.c.obj (.text:__TI_auto_init_nobinit_nopinit:__TI_auto_init_nobinit_nopinit)
                  0000d64c    0000003e                     : asr32.asm.obj (.text:l_asr_const)
                  0000d68a    0000003e                     : lsl32.asm.obj (.text:l_lsl_const)
                  0000d6c8    00000038                     : rand.c.obj (.text:rand)
                  0000d700    00000038     LCD.obj (.text:writeNibble)
                  0000d738    00000036     rts430_eabi.lib : fs_itof.asm.obj (.text)
                  0000d76e    00000036     LCD.obj (.text:writeChar)
                  0000d7a4    00000032     LCD.obj (.text:initI2C)
                  0000d7d6    0000002c     rts430_eabi.lib : asr16.asm.obj (.text)
                  0000d802    0000002c                     : div16s.asm.obj (.text)
                  0000d82e    0000002c                     : lsl16.asm.obj (.text)
                  0000d85a    00000026                     : mult32.asm.obj (.text)
                  0000d880    00000026     LCD.obj (.text:writeI2C)
                  0000d8a6    00000024     rts430_eabi.lib : fs_utof.asm.obj (.text)
                  0000d8ca    00000022                     : mult1632.asm.obj (.text:__mpyul)
                  0000d8ec    0000001e                     : mult3264.asm.obj (.text:__mpyull)
                  0000d90a    0000001e     LCD.obj (.text:printString)
                  0000d928    0000001c     rts430_eabi.lib : boot.c.obj (.text:_c_int00_noargs)
                  0000d944    0000001a     Ultrasonic.obj (.text:initUltrasonic)
                  0000d95e    00000018     rts430_eabi.lib : rand.c.obj (.text:srand)
                  0000d976    00000016                     : div16u.asm.obj (.text)
                  0000d98c    00000014                     : mult16.asm.obj (.text)
                  0000d9a0    00000012                     : fixdu.c.obj (.text:__mspabi_fixdu)
                  0000d9b2    00000012                     : copy_decompress_none.c.obj (.text:decompress:none:__TI_decompress_none)
                  0000d9c4    00000012                     : lsr32.asm.obj (.text:l_lsr)
                  0000d9d6    00000012                     : memcpy.c.obj (.text:memcpy)
                  0000d9e8    00000010     main.obj (.text:Timer_A)
                  0000d9f8    00000010     Utils.obj (.text:debouceDelay)
                  0000da08    00000010     rts430_eabi.lib : epilog.asm.obj (.text)
                  0000da18    00000010                     : strcpy.c.obj (.text:strcpy)
                  0000da28    00000008                     : isr_trap.asm.obj (.text:_isr:__TI_ISR_TRAP)
                  0000da30    00000006                     : fltud.c.obj (.text:__mspabi_fltud)
                  0000da36    00000006                     : exit.c.obj (.text:abort)
                  0000da3c    00000004                     : pre_init.c.obj (.text:_system_pre_init)
                  0000da40    00000002                     : _lock.c.obj (.text:_nop)
                  0000da42    00000002                     : startup.c.obj (.text:_system_post_cinit)

.const     0    0000da44    0000017c     
                  0000da44    0000017c     main.obj (.const:.string)

.cinit     0    0000dbc0    0000001a     
                  0000dbc0    00000011     (.cinit..data.load) [load image, compression = lzss]
                  0000dbd1    00000001     --HOLE-- [fill = 0]
                  0000dbd2    00000004     (__TI_handler_table)
                  0000dbd6    00000004     (__TI_cinit_table)

.binit     0    0000c000    00000000     

.init_array 
*          0    0000c000    00000000     UNINITIALIZED

TRAPINT    0    0000ffe0    00000002     
                  0000ffe0    00000002     rts430_eabi.lib : int00.asm.obj (.int00)

PORT1      0    0000ffe4    00000002     
                  0000ffe4    00000002     rts430_eabi.lib : int02.asm.obj (.int02)

PORT2      0    0000ffe6    00000002     
                  0000ffe6    00000002     rts430_eabi.lib : int03.asm.obj (.int03)

ADC10      0    0000ffea    00000002     
                  0000ffea    00000002     rts430_eabi.lib : int05.asm.obj (.int05)

USCIAB0TX 
*          0    0000ffec    00000002     
                  0000ffec    00000002     rts430_eabi.lib : int06.asm.obj (.int06)

USCIAB0RX 
*          0    0000ffee    00000002     
                  0000ffee    00000002     rts430_eabi.lib : int07.asm.obj (.int07)

TIMER0_A1 
*          0    0000fff0    00000002     
                  0000fff0    00000002     rts430_eabi.lib : int08.asm.obj (.int08)

TIMER0_A0 
*          0    0000fff2    00000002     
                  0000fff2    00000002     main.obj (.int09)

WDT        0    0000fff4    00000002     
                  0000fff4    00000002     rts430_eabi.lib : int10.asm.obj (.int10)

COMPARATORA 
*          0    0000fff6    00000002     
                  0000fff6    00000002     rts430_eabi.lib : int11.asm.obj (.int11)

TIMER1_A1 
*          0    0000fff8    00000002     
                  0000fff8    00000002     rts430_eabi.lib : int12.asm.obj (.int12)

TIMER1_A0 
*          0    0000fffa    00000002     
                  0000fffa    00000002     rts430_eabi.lib : int13.asm.obj (.int13)

NMI        0    0000fffc    00000002     
                  0000fffc    00000002     rts430_eabi.lib : int14.asm.obj (.int14)

.reset     0    0000fffe    00000002     
                  0000fffe    00000002     rts430_eabi.lib : boot.c.obj (.reset)

$fill000   0    0000ffde    00000002     
                  0000ffde    00000002     --HOLE-- [fill = ffff]

MODULE SUMMARY

       Module                       code   ro data   rw data
       ------                       ----   -------   -------
    .\
       main.obj                     1324   382       20     
       Utils.obj                    614    0         0      
       LCD.obj                      600    0         0      
       Ultrasonic.obj               174    0         0      
    +--+----------------------------+------+---------+---------+
       Total:                       2712   382       20     
                                                            
    C:\Program Files\TI\CCS2041\ccs\tools\compiler\ti-cgt-msp430_21.6.1.LTS\lib\rts430_eabi.lib
       mpyd.c.obj                   704    0         0      
       frcmpyd.c.obj                370    0         0      
       fs_add.asm.obj               306    0         0      
       mult64.asm.obj               276    0         0      
       fs_mpy.asm.obj               196    0         0      
       cvtdf.c.obj                  180    0         0      
       fs_div.asm.obj               156    0         0      
       fltuld.c.obj                 138    0         0      
       copy_decompress_lzss.c.obj   124    0         0      
       fixdul.c.obj                 116    0         0      
       cvtfd.c.obj                  112    0         0      
       lsr32.asm.obj                110    0         0      
       div32u.asm.obj               88     0         0      
       rand.c.obj                   80     0         4      
       lsr16.asm.obj                76     0         0      
       fs_cmp.asm.obj               74     0         0      
       fs_tou.asm.obj               70     0         0      
       lsr64.c.obj                  70     0         0      
       lsl64.c.obj                  68     0         0      
       autoinit.c.obj               66     0         0      
       asr32.asm.obj                62     0         0      
       lsl32.asm.obj                62     0         0      
       fs_itof.asm.obj              54     0         0      
       asr16.asm.obj                44     0         0      
       div16s.asm.obj               44     0         0      
       lsl16.asm.obj                44     0         0      
       mult32.asm.obj               38     0         0      
       fs_utof.asm.obj              36     0         0      
       mult1632.asm.obj             34     0         0      
       boot.c.obj                   28     2         0      
       mult3264.asm.obj             30     0         0      
       div16u.asm.obj               22     0         0      
       mult16.asm.obj               20     0         0      
       copy_decompress_none.c.obj   18     0         0      
       fixdu.c.obj                  18     0         0      
       memcpy.c.obj                 18     0         0      
       epilog.asm.obj               16     0         0      
       strcpy.c.obj                 16     0         0      
       isr_trap.asm.obj             8      0         0      
       _lock.c.obj                  2      0         4      
       exit.c.obj                   6      0         0      
       fltud.c.obj                  6      0         0      
       pre_init.c.obj               4      0         0      
       int00.asm.obj                0      2         0      
       int02.asm.obj                0      2         0      
       int03.asm.obj                0      2         0      
       int05.asm.obj                0      2         0      
       int06.asm.obj                0      2         0      
       int07.asm.obj                0      2         0      
       int08.asm.obj                0      2         0      
       int10.asm.obj                0      2         0      
       int11.asm.obj                0      2         0      
       int12.asm.obj                0      2         0      
       int13.asm.obj                0      2         0      
       int14.asm.obj                0      2         0      
       startup.c.obj                2      0         0      
    +--+----------------------------+------+---------+---------+
       Total:                       4012   26        8      
                                                            
       Stack:                       0      0         80     
       Linker Generated:            0      25        0      
    +--+----------------------------+------+---------+---------+
       Grand Total:                 6724   433       108    


LINKER GENERATED COPY TABLES

__TI_cinit_table @ 0000dbd6 records: 1, size/record: 4, table size: 4
	.data: load addr=0000dbc0, load size=00000011 bytes, run addr=00000200, run size=0000001c bytes, compression=lzss


LINKER GENERATED HANDLER TABLE

__TI_handler_table @ 0000dbd2 records: 2, size/record: 2, table size: 4
	index: 0, handler: __TI_decompress_lzss
	index: 1, handler: __TI_decompress_none


GLOBAL SYMBOLS: SORTED ALPHABETICALLY BY Name 

address   name                          
-------   ----                          
0000004a  ADC10AE0                      
000001b0  ADC10CTL0                     
000001b2  ADC10CTL1                     
00000048  ADC10DTC0                     
00000049  ADC10DTC1                     
000001b4  ADC10MEM                      
000001bc  ADC10SA                       
00000057  BCSCTL1                       
00000058  BCSCTL2                       
00000053  BCSCTL3                       
0000da36  C$$EXIT                       
00000059  CACTL1                        
0000005a  CACTL2                        
000010fb  CALBC1_12MHZ                  
000010f9  CALBC1_16MHZ                  
000010ff  CALBC1_1MHZ                   
000010fd  CALBC1_8MHZ                   
000010fa  CALDCO_12MHZ                  
000010f8  CALDCO_16MHZ                  
000010fe  CALDCO_1MHZ                   
000010fc  CALDCO_8MHZ                   
0000005b  CAPD                          
00000056  DCOCTL                        
00000128  FCTL1                         
0000012a  FCTL2                         
0000012c  FCTL3                         
00000000  IE1                           
00000001  IE2                           
00000002  IFG1                          
00000003  IFG2                          
00000022  P1DIR                         
00000025  P1IE                          
00000024  P1IES                         
00000023  P1IFG                         
00000020  P1IN                          
00000021  P1OUT                         
00000027  P1REN                         
00000026  P1SEL                         
00000041  P1SEL2                        
0000002a  P2DIR                         
0000002d  P2IE                          
0000002c  P2IES                         
0000002b  P2IFG                         
00000028  P2IN                          
00000029  P2OUT                         
0000002f  P2REN                         
0000002e  P2SEL                         
00000042  P2SEL2                        
0000001a  P3DIR                         
00000018  P3IN                          
00000019  P3OUT                         
00000010  P3REN                         
0000001b  P3SEL                         
00000043  P3SEL2                        
00000172  TA0CCR0                       
00000174  TA0CCR1                       
00000176  TA0CCR2                       
00000162  TA0CCTL0                      
00000164  TA0CCTL1                      
00000166  TA0CCTL2                      
00000160  TA0CTL                        
0000012e  TA0IV                         
00000170  TA0R                          
00000192  TA1CCR0                       
00000194  TA1CCR1                       
00000196  TA1CCR2                       
00000182  TA1CCTL0                      
00000184  TA1CCTL1                      
00000186  TA1CCTL2                      
00000180  TA1CTL                        
0000011e  TA1IV                         
00000190  TA1R                          
000010db  TLV_ADC10_1_LEN               
000010da  TLV_ADC10_1_TAG               
000010c0  TLV_CHECKSUM                  
000010f7  TLV_DCO_30_LEN                
000010f6  TLV_DCO_30_TAG                
0000d9e8  Timer_A                       
0000005d  UCA0ABCTL                     
00000062  UCA0BR0                       
00000063  UCA0BR1                       
00000060  UCA0CTL0                      
00000061  UCA0CTL1                      
0000005f  UCA0IRRCTL                    
0000005e  UCA0IRTCTL                    
00000064  UCA0MCTL                      
00000066  UCA0RXBUF                     
00000065  UCA0STAT                      
00000067  UCA0TXBUF                     
0000006a  UCB0BR0                       
0000006b  UCB0BR1                       
00000068  UCB0CTL0                      
00000069  UCB0CTL1                      
0000006c  UCB0I2CIE                     
00000118  UCB0I2COA                     
0000011a  UCB0I2CSA                     
0000006e  UCB0RXBUF                     
0000006d  UCB0STAT                      
0000006f  UCB0TXBUF                     
00000120  WDTCTL                        
00000400  __STACK_END                   
00000050  __STACK_SIZE                  
0000dbd6  __TI_CINIT_Base               
0000dbda  __TI_CINIT_Limit              
0000dbda  __TI_CINIT_Warm               
0000dbd2  __TI_Handler_Table_Base       
0000dbd6  __TI_Handler_Table_Limit      
0000da28  __TI_ISR_TRAP                 
0000d60a  __TI_auto_init_nobinit_nopinit
0000d1d4  __TI_decompress_lzss          
0000d9b2  __TI_decompress_none          
0000c7dc  __TI_frcmpyd                  
0000ffe0  __TI_int00                    
0000ffe4  __TI_int02                    
0000ffe6  __TI_int03                    
0000ffea  __TI_int05                    
0000ffec  __TI_int06                    
0000ffee  __TI_int07                    
0000fff0  __TI_int08                    
0000fff2  __TI_int09                    
0000fff4  __TI_int10                    
0000fff6  __TI_int11                    
0000fff8  __TI_int12                    
0000fffa  __TI_int13                    
0000fffc  __TI_int14                    
ffffffff  __TI_pprof_out_hndl           
ffffffff  __TI_prof_data_size           
ffffffff  __TI_prof_data_start          
ffffffff  __c_args__                    
0000c954  __mspabi_addf                 
0000d4a8  __mspabi_cmpf                 
0000cc58  __mspabi_cvtdf                
0000d338  __mspabi_cvtfd                
0000cf12  __mspabi_divf                 
0000d802  __mspabi_divi                 
0000d976  __mspabi_divu                 
0000d404  __mspabi_divul                
0000d9a0  __mspabi_fixdu                
0000d250  __mspabi_fixdul               
0000d580  __mspabi_fixfu                
0000d738  __mspabi_fltif                
0000da30  __mspabi_fltud                
0000d8a6  __mspabi_fltuf                
0000d042  __mspabi_fltuld               
0000da14  __mspabi_func_epilog_1        
0000da12  __mspabi_func_epilog_2        
0000da10  __mspabi_func_epilog_3        
0000da0e  __mspabi_func_epilog_4        
0000da0c  __mspabi_func_epilog_5        
0000da0a  __mspabi_func_epilog_6        
0000da08  __mspabi_func_epilog_7        
0000c51c  __mspabi_mpyd                 
0000cb94  __mspabi_mpyf                 
0000d98c  __mspabi_mpyi                 
0000d98c  __mspabi_mpyi_sw              
0000d85a  __mspabi_mpyl                 
0000d85a  __mspabi_mpyl_sw              
0000ca80  __mspabi_mpyll                
0000ca80  __mspabi_mpyll_sw             
0000d8ca  __mspabi_mpyul                
0000d8ca  __mspabi_mpyul_sw             
0000d8ec  __mspabi_mpyull               
0000d8ec  __mspabi_mpyull_sw            
0000d802  __mspabi_remi                 
0000d976  __mspabi_remu                 
0000d404  __mspabi_remul                
0000d82e  __mspabi_slli                 
0000d856  __mspabi_slli_1               
0000d844  __mspabi_slli_10              
0000d842  __mspabi_slli_11              
0000d840  __mspabi_slli_12              
0000d83e  __mspabi_slli_13              
0000d83c  __mspabi_slli_14              
0000d83a  __mspabi_slli_15              
0000d854  __mspabi_slli_2               
0000d852  __mspabi_slli_3               
0000d850  __mspabi_slli_4               
0000d84e  __mspabi_slli_5               
0000d84c  __mspabi_slli_6               
0000d84a  __mspabi_slli_7               
0000d848  __mspabi_slli_8               
0000d846  __mspabi_slli_9               
0000d6c2  __mspabi_slll_1               
0000d69e  __mspabi_slll_10              
0000d69a  __mspabi_slll_11              
0000d696  __mspabi_slll_12              
0000d692  __mspabi_slll_13              
0000d68e  __mspabi_slll_14              
0000d68a  __mspabi_slll_15              
0000d6be  __mspabi_slll_2               
0000d6ba  __mspabi_slll_3               
0000d6b6  __mspabi_slll_4               
0000d6b2  __mspabi_slll_5               
0000d6ae  __mspabi_slll_6               
0000d6aa  __mspabi_slll_7               
0000d6a6  __mspabi_slll_8               
0000d6a2  __mspabi_slll_9               
0000d5c6  __mspabi_sllll                
0000d7d6  __mspabi_srai                 
0000d7fe  __mspabi_srai_1               
0000d7ec  __mspabi_srai_10              
0000d7ea  __mspabi_srai_11              
0000d7e8  __mspabi_srai_12              
0000d7e6  __mspabi_srai_13              
0000d7e4  __mspabi_srai_14              
0000d7e2  __mspabi_srai_15              
0000d7fc  __mspabi_srai_2               
0000d7fa  __mspabi_srai_3               
0000d7f8  __mspabi_srai_4               
0000d7f6  __mspabi_srai_5               
0000d7f4  __mspabi_srai_6               
0000d7f2  __mspabi_srai_7               
0000d7f0  __mspabi_srai_8               
0000d7ee  __mspabi_srai_9               
0000d684  __mspabi_sral_1               
0000d660  __mspabi_sral_10              
0000d65c  __mspabi_sral_11              
0000d658  __mspabi_sral_12              
0000d654  __mspabi_sral_13              
0000d650  __mspabi_sral_14              
0000d64c  __mspabi_sral_15              
0000d680  __mspabi_sral_2               
0000d67c  __mspabi_sral_3               
0000d678  __mspabi_sral_4               
0000d674  __mspabi_sral_5               
0000d670  __mspabi_sral_6               
0000d66c  __mspabi_sral_7               
0000d668  __mspabi_sral_8               
0000d664  __mspabi_sral_9               
0000d45c  __mspabi_srli                 
0000d4a2  __mspabi_srli_1               
0000d47e  __mspabi_srli_10              
0000d47a  __mspabi_srli_11              
0000d476  __mspabi_srli_12              
0000d472  __mspabi_srli_13              
0000d46e  __mspabi_srli_14              
0000d46a  __mspabi_srli_15              
0000d49e  __mspabi_srli_2               
0000d49a  __mspabi_srli_3               
0000d496  __mspabi_srli_4               
0000d492  __mspabi_srli_5               
0000d48e  __mspabi_srli_6               
0000d48a  __mspabi_srli_7               
0000d486  __mspabi_srli_8               
0000d482  __mspabi_srli_9               
0000d9c4  __mspabi_srll                 
0000d3fc  __mspabi_srll_1               
0000d3c6  __mspabi_srll_10              
0000d3c0  __mspabi_srll_11              
0000d3ba  __mspabi_srll_12              
0000d3b4  __mspabi_srll_13              
0000d3ae  __mspabi_srll_14              
0000d3a8  __mspabi_srll_15              
0000d3f6  __mspabi_srll_2               
0000d3f0  __mspabi_srll_3               
0000d3ea  __mspabi_srll_4               
0000d3e4  __mspabi_srll_5               
0000d3de  __mspabi_srll_6               
0000d3d8  __mspabi_srll_7               
0000d3d2  __mspabi_srll_8               
0000d3cc  __mspabi_srll_9               
0000d53a  __mspabi_srlll                
0000c94e  __mspabi_subf                 
0000d928  _c_int00_noargs               
00000218  _lock                         
0000da40  _nop                          
0000fffe  _reset_vector                 
000003b0  _stack                        
0000da42  _system_post_cinit            
0000da3c  _system_pre_init              
0000021a  _unlock                       
0000da36  abort                         
0000020e  correctCount                  
0000d9f8  debouceDelay                  
0000ce68  formatAccuracy                
0000d2c4  formatCount                   
0000d0cc  formatDistance                
0000cd0c  formatTimeString              
00000212  gameSelect                    
0000cfae  getDistance                   
00000210  incorrectCount                
0000d7a4  initI2C                       
0000d156  initLCD                       
0000d944  initUltrasonic                
0000c000  main                          
0000d9d6  memcpy                        
0000cdba  printLongString               
0000d90a  printString                   
0000d6c8  rand                          
00000206  randomSeed                    
00000204  running                       
0000d95e  srand                         
0000da18  strcpy                        
00000200  timeCount                     
0000020a  totalTimeCount                
00000208  trialIdx                      
0000d76e  writeChar                     
0000d4f2  writeCommand                  
0000d880  writeI2C                      
0000d700  writeNibble                   


GLOBAL SYMBOLS: SORTED BY Symbol Address 

address   name                          
-------   ----                          
00000000  IE1                           
00000001  IE2                           
00000002  IFG1                          
00000003  IFG2                          
00000010  P3REN                         
00000018  P3IN                          
00000019  P3OUT                         
0000001a  P3DIR                         
0000001b  P3SEL                         
00000020  P1IN                          
00000021  P1OUT                         
00000022  P1DIR                         
00000023  P1IFG                         
00000024  P1IES                         
00000025  P1IE                          
00000026  P1SEL                         
00000027  P1REN                         
00000028  P2IN                          
00000029  P2OUT                         
0000002a  P2DIR                         
0000002b  P2IFG                         
0000002c  P2IES                         
0000002d  P2IE                          
0000002e  P2SEL                         
0000002f  P2REN                         
00000041  P1SEL2                        
00000042  P2SEL2                        
00000043  P3SEL2                        
00000048  ADC10DTC0                     
00000049  ADC10DTC1                     
0000004a  ADC10AE0                      
00000050  __STACK_SIZE                  
00000053  BCSCTL3                       
00000056  DCOCTL                        
00000057  BCSCTL1                       
00000058  BCSCTL2                       
00000059  CACTL1                        
0000005a  CACTL2                        
0000005b  CAPD                          
0000005d  UCA0ABCTL                     
0000005e  UCA0IRTCTL                    
0000005f  UCA0IRRCTL                    
00000060  UCA0CTL0                      
00000061  UCA0CTL1                      
00000062  UCA0BR0                       
00000063  UCA0BR1                       
00000064  UCA0MCTL                      
00000065  UCA0STAT                      
00000066  UCA0RXBUF                     
00000067  UCA0TXBUF                     
00000068  UCB0CTL0                      
00000069  UCB0CTL1                      
0000006a  UCB0BR0                       
0000006b  UCB0BR1                       
0000006c  UCB0I2CIE                     
0000006d  UCB0STAT                      
0000006e  UCB0RXBUF                     
0000006f  UCB0TXBUF                     
00000118  UCB0I2COA                     
0000011a  UCB0I2CSA                     
0000011e  TA1IV                         
00000120  WDTCTL                        
00000128  FCTL1                         
0000012a  FCTL2                         
0000012c  FCTL3                         
0000012e  TA0IV                         
00000160  TA0CTL                        
00000162  TA0CCTL0                      
00000164  TA0CCTL1                      
00000166  TA0CCTL2                      
00000170  TA0R                          
00000172  TA0CCR0                       
00000174  TA0CCR1                       
00000176  TA0CCR2                       
00000180  TA1CTL                        
00000182  TA1CCTL0                      
00000184  TA1CCTL1                      
00000186  TA1CCTL2                      
00000190  TA1R                          
00000192  TA1CCR0                       
00000194  TA1CCR1                       
00000196  TA1CCR2                       
000001b0  ADC10CTL0                     
000001b2  ADC10CTL1                     
000001b4  ADC10MEM                      
000001bc  ADC10SA                       
00000200  timeCount                     
00000204  running                       
00000206  randomSeed                    
00000208  trialIdx                      
0000020a  totalTimeCount                
0000020e  correctCount                  
00000210  incorrectCount                
00000212  gameSelect                    
00000218  _lock                         
0000021a  _unlock                       
000003b0  _stack                        
00000400  __STACK_END                   
000010c0  TLV_CHECKSUM                  
000010da  TLV_ADC10_1_TAG               
000010db  TLV_ADC10_1_LEN               
000010f6  TLV_DCO_30_TAG                
000010f7  TLV_DCO_30_LEN                
000010f8  CALDCO_16MHZ                  
000010f9  CALBC1_16MHZ                  
000010fa  CALDCO_12MHZ                  
000010fb  CALBC1_12MHZ                  
000010fc  CALDCO_8MHZ                   
000010fd  CALBC1_8MHZ                   
000010fe  CALDCO_1MHZ                   
000010ff  CALBC1_1MHZ                   
0000c000  main                          
0000c51c  __mspabi_mpyd                 
0000c7dc  __TI_frcmpyd                  
0000c94e  __mspabi_subf                 
0000c954  __mspabi_addf                 
0000ca80  __mspabi_mpyll                
0000ca80  __mspabi_mpyll_sw             
0000cb94  __mspabi_mpyf                 
0000cc58  __mspabi_cvtdf                
0000cd0c  formatTimeString              
0000cdba  printLongString               
0000ce68  formatAccuracy                
0000cf12  __mspabi_divf                 
0000cfae  getDistance                   
0000d042  __mspabi_fltuld               
0000d0cc  formatDistance                
0000d156  initLCD                       
0000d1d4  __TI_decompress_lzss          
0000d250  __mspabi_fixdul               
0000d2c4  formatCount                   
0000d338  __mspabi_cvtfd                
0000d3a8  __mspabi_srll_15              
0000d3ae  __mspabi_srll_14              
0000d3b4  __mspabi_srll_13              
0000d3ba  __mspabi_srll_12              
0000d3c0  __mspabi_srll_11              
0000d3c6  __mspabi_srll_10              
0000d3cc  __mspabi_srll_9               
0000d3d2  __mspabi_srll_8               
0000d3d8  __mspabi_srll_7               
0000d3de  __mspabi_srll_6               
0000d3e4  __mspabi_srll_5               
0000d3ea  __mspabi_srll_4               
0000d3f0  __mspabi_srll_3               
0000d3f6  __mspabi_srll_2               
0000d3fc  __mspabi_srll_1               
0000d404  __mspabi_divul                
0000d404  __mspabi_remul                
0000d45c  __mspabi_srli                 
0000d46a  __mspabi_srli_15              
0000d46e  __mspabi_srli_14              
0000d472  __mspabi_srli_13              
0000d476  __mspabi_srli_12              
0000d47a  __mspabi_srli_11              
0000d47e  __mspabi_srli_10              
0000d482  __mspabi_srli_9               
0000d486  __mspabi_srli_8               
0000d48a  __mspabi_srli_7               
0000d48e  __mspabi_srli_6               
0000d492  __mspabi_srli_5               
0000d496  __mspabi_srli_4               
0000d49a  __mspabi_srli_3               
0000d49e  __mspabi_srli_2               
0000d4a2  __mspabi_srli_1               
0000d4a8  __mspabi_cmpf                 
0000d4f2  writeCommand                  
0000d53a  __mspabi_srlll                
0000d580  __mspabi_fixfu                
0000d5c6  __mspabi_sllll                
0000d60a  __TI_auto_init_nobinit_nopinit
0000d64c  __mspabi_sral_15              
0000d650  __mspabi_sral_14              
0000d654  __mspabi_sral_13              
0000d658  __mspabi_sral_12              
0000d65c  __mspabi_sral_11              
0000d660  __mspabi_sral_10              
0000d664  __mspabi_sral_9               
0000d668  __mspabi_sral_8               
0000d66c  __mspabi_sral_7               
0000d670  __mspabi_sral_6               
0000d674  __mspabi_sral_5               
0000d678  __mspabi_sral_4               
0000d67c  __mspabi_sral_3               
0000d680  __mspabi_sral_2               
0000d684  __mspabi_sral_1               
0000d68a  __mspabi_slll_15              
0000d68e  __mspabi_slll_14              
0000d692  __mspabi_slll_13              
0000d696  __mspabi_slll_12              
0000d69a  __mspabi_slll_11              
0000d69e  __mspabi_slll_10              
0000d6a2  __mspabi_slll_9               
0000d6a6  __mspabi_slll_8               
0000d6aa  __mspabi_slll_7               
0000d6ae  __mspabi_slll_6               
0000d6b2  __mspabi_slll_5               
0000d6b6  __mspabi_slll_4               
0000d6ba  __mspabi_slll_3               
0000d6be  __mspabi_slll_2               
0000d6c2  __mspabi_slll_1               
0000d6c8  rand                          
0000d700  writeNibble                   
0000d738  __mspabi_fltif                
0000d76e  writeChar                     
0000d7a4  initI2C                       
0000d7d6  __mspabi_srai                 
0000d7e2  __mspabi_srai_15              
0000d7e4  __mspabi_srai_14              
0000d7e6  __mspabi_srai_13              
0000d7e8  __mspabi_srai_12              
0000d7ea  __mspabi_srai_11              
0000d7ec  __mspabi_srai_10              
0000d7ee  __mspabi_srai_9               
0000d7f0  __mspabi_srai_8               
0000d7f2  __mspabi_srai_7               
0000d7f4  __mspabi_srai_6               
0000d7f6  __mspabi_srai_5               
0000d7f8  __mspabi_srai_4               
0000d7fa  __mspabi_srai_3               
0000d7fc  __mspabi_srai_2               
0000d7fe  __mspabi_srai_1               
0000d802  __mspabi_divi                 
0000d802  __mspabi_remi                 
0000d82e  __mspabi_slli                 
0000d83a  __mspabi_slli_15              
0000d83c  __mspabi_slli_14              
0000d83e  __mspabi_slli_13              
0000d840  __mspabi_slli_12              
0000d842  __mspabi_slli_11              
0000d844  __mspabi_slli_10              
0000d846  __mspabi_slli_9               
0000d848  __mspabi_slli_8               
0000d84a  __mspabi_slli_7               
0000d84c  __mspabi_slli_6               
0000d84e  __mspabi_slli_5               
0000d850  __mspabi_slli_4               
0000d852  __mspabi_slli_3               
0000d854  __mspabi_slli_2               
0000d856  __mspabi_slli_1               
0000d85a  __mspabi_mpyl                 
0000d85a  __mspabi_mpyl_sw              
0000d880  writeI2C                      
0000d8a6  __mspabi_fltuf                
0000d8ca  __mspabi_mpyul                
0000d8ca  __mspabi_mpyul_sw             
0000d8ec  __mspabi_mpyull               
0000d8ec  __mspabi_mpyull_sw            
0000d90a  printString                   
0000d928  _c_int00_noargs               
0000d944  initUltrasonic                
0000d95e  srand                         
0000d976  __mspabi_divu                 
0000d976  __mspabi_remu                 
0000d98c  __mspabi_mpyi                 
0000d98c  __mspabi_mpyi_sw              
0000d9a0  __mspabi_fixdu                
0000d9b2  __TI_decompress_none          
0000d9c4  __mspabi_srll                 
0000d9d6  memcpy                        
0000d9e8  Timer_A                       
0000d9f8  debouceDelay                  
0000da08  __mspabi_func_epilog_7        
0000da0a  __mspabi_func_epilog_6        
0000da0c  __mspabi_func_epilog_5        
0000da0e  __mspabi_func_epilog_4        
0000da10  __mspabi_func_epilog_3        
0000da12  __mspabi_func_epilog_2        
0000da14  __mspabi_func_epilog_1        
0000da18  strcpy                        
0000da28  __TI_ISR_TRAP                 
0000da30  __mspabi_fltud                
0000da36  C$$EXIT                       
0000da36  abort                         
0000da3c  _system_pre_init              
0000da40  _nop                          
0000da42  _system_post_cinit            
0000dbd2  __TI_Handler_Table_Base       
0000dbd6  __TI_CINIT_Base               
0000dbd6  __TI_Handler_Table_Limit      
0000dbda  __TI_CINIT_Limit              
0000dbda  __TI_CINIT_Warm               
0000ffe0  __TI_int00                    
0000ffe4  __TI_int02                    
0000ffe6  __TI_int03                    
0000ffea  __TI_int05                    
0000ffec  __TI_int06                    
0000ffee  __TI_int07                    
0000fff0  __TI_int08                    
0000fff2  __TI_int09                    
0000fff4  __TI_int10                    
0000fff6  __TI_int11                    
0000fff8  __TI_int12                    
0000fffa  __TI_int13                    
0000fffc  __TI_int14                    
0000fffe  _reset_vector                 
ffffffff  __TI_pprof_out_hndl           
ffffffff  __TI_prof_data_size           
ffffffff  __TI_prof_data_start          
ffffffff  __c_args__                    

[300 symbols]
