******************************************************************************
                  MSP430 Linker PC v21.6.1                     
******************************************************************************
>> Linked Wed Apr 22 10:49:20 2026

OUTPUT FILE NAME:   <Final Project.out>
ENTRY POINT SYMBOL: "_c_int00_noargs"  address: 0000cfda


MEMORY CONFIGURATION

         name            origin    length      used     unused   attr    fill
----------------------  --------  ---------  --------  --------  ----  --------
  SFR                   00000000   00000010  00000000  00000010  RWIX
  PERIPHERALS_8BIT      00000010   000000f0  00000000  000000f0  RWIX
  PERIPHERALS_16BIT     00000100   00000100  00000000  00000100  RWIX
  RAM                   00000200   00000200  00000060  000001a0  RWIX
  INFOD                 00001000   00000040  00000000  00000040  RWIX
  INFOC                 00001040   00000040  00000000  00000040  RWIX
  INFOB                 00001080   00000040  00000000  00000040  RWIX
  INFOA                 000010c0   00000040  00000000  00000040  RWIX
  FLASH                 0000c000   00003fde  000011bc  00002e22  RWIX
  BSLSIGNATURE          0000ffde   00000002  00000002  00000000  RWIX  ffff 
  INT00                 0000ffe0   00000002  00000002  00000000  RWIX
  INT01                 0000ffe2   00000002  00000000  00000002  RWIX
  INT02                 0000ffe4   00000002  00000002  00000000  RWIX
  INT03                 0000ffe6   00000002  00000002  00000000  RWIX
  INT04                 0000ffe8   00000002  00000000  00000002  RWIX
  INT05                 0000ffea   00000002  00000002  00000000  RWIX
  INT06                 0000ffec   00000002  00000002  00000000  RWIX
  INT07                 0000ffee   00000002  00000002  00000000  RWIX
  INT08                 0000fff0   00000002  00000002  00000000  RWIX
  INT09                 0000fff2   00000002  00000002  00000000  RWIX
  INT10                 0000fff4   00000002  00000002  00000000  RWIX
  INT11                 0000fff6   00000002  00000002  00000000  RWIX
  INT12                 0000fff8   00000002  00000002  00000000  RWIX
  INT13                 0000fffa   00000002  00000002  00000000  RWIX
  INT14                 0000fffc   00000002  00000002  00000000  RWIX
  RESET                 0000fffe   00000002  00000002  00000000  RWIX


SECTION ALLOCATION MAP

 output                                  attributes/
section   page    origin      length       input sections
--------  ----  ----------  ----------   ----------------
.data      0    00000200    00000010     UNINITIALIZED
                  00000200    00000008     main.obj (.data)
                  00000208    00000004     rts430_eabi.lib : rand.c.obj (.data)
                  0000020c    00000002                     : _lock.c.obj (.data:_lock)
                  0000020e    00000002                     : _lock.c.obj (.data:_unlock)

.stack     0    000003b0    00000050     UNINITIALIZED
                  000003b0    00000002     rts430_eabi.lib : boot.c.obj (.stack)
                  000003b2    0000004e     --HOLE--

.text      0    0000c000    000010e4     
                  0000c000    000002c0     rts430_eabi.lib : mpyd.c.obj (.text:__mspabi_mpyd)
                  0000c2c0    00000172                     : frcmpyd.c.obj (.text:__TI_frcmpyd)
                  0000c432    00000166     main.obj (.text:main)
                  0000c598    00000116     rts430_eabi.lib : _printfi.c.obj (.text:__TI_printfi_minimal:_setfield___TI_printfi_minimal)
                  0000c6ae    00000114                     : mult64.asm.obj (.text:__mpyll)
                  0000c7c2    000000ec                     : _printfi.c.obj (.text:__TI_printfi_minimal:__TI_printfi_minimal)
                  0000c8ae    000000ca                     : _printfi.c.obj (.text:__TI_printfi_minimal:_pproc_diouxp___TI_printfi_minimal)
                  0000c978    000000a2     LCD.obj (.text:printLongString)
                  0000ca1a    0000008a     rts430_eabi.lib : fltuld.c.obj (.text:__mspabi_fltuld)
                  0000caa4    0000007c                     : copy_decompress_lzss.c.obj (.text:decompress:lzss:__TI_decompress_lzss)
                  0000cb20    0000007a     LCD.obj (.text:initLCD)
                  0000cb9a    0000005c     rts430_eabi.lib : lsr32.asm.obj (.text:l_lsr_const)
                  0000cbf6    00000056                     : snprintf.c.obj (.text:snprintf)
                  0000cc4c    0000004c                     : lsr16.asm.obj (.text)
                  0000cc98    00000046                     : lsr64.c.obj (.text:__mspabi_srlll)
                  0000ccde    00000044                     : lsl64.c.obj (.text:__mspabi_sllll)
                  0000cd22    00000042                     : autoinit.c.obj (.text:__TI_auto_init_nobinit_nopinit:__TI_auto_init_nobinit_nopinit)
                  0000cd64    0000003e                     : lsl32.asm.obj (.text:l_lsl_const)
                  0000cda2    0000003e     LCD.obj (.text:writeCommand)
                  0000cde0    00000038     rts430_eabi.lib : rand.c.obj (.text:rand)
                  0000ce18    00000036                     : snprintf.c.obj (.text:_outs)
                  0000ce4e    0000002c                     : asr16.asm.obj (.text)
                  0000ce7a    0000002c                     : div16s.asm.obj (.text)
                  0000cea6    0000002c                     : lsl16.asm.obj (.text)
                  0000ced2    00000026                     : mult32.asm.obj (.text)
                  0000cef8    00000026     LCD.obj (.text:writeChar)
                  0000cf1e    00000022     rts430_eabi.lib : mult1632.asm.obj (.text:__mpyul)
                  0000cf40    00000022                     : memccpy.c.obj (.text:memccpy)
                  0000cf62    0000001e                     : mult3264.asm.obj (.text:__mpyull)
                  0000cf80    0000001e                     : snprintf.c.obj (.text:_outc)
                  0000cf9e    0000001e     LCD.obj (.text:printString)
                  0000cfbc    0000001e     LCD.obj (.text:pulseEnable)
                  0000cfda    0000001c     rts430_eabi.lib : boot.c.obj (.text:_c_int00_noargs)
                  0000cff6    00000018                     : rand.c.obj (.text:srand)
                  0000d00e    00000016                     : div16u.asm.obj (.text)
                  0000d024    00000014                     : memset.c.obj (.text:memset)
                  0000d038    00000014                     : mult16.asm.obj (.text)
                  0000d04c    00000014     LCD.obj (.text:writeNibble)
                  0000d060    00000012     rts430_eabi.lib : copy_decompress_none.c.obj (.text:decompress:none:__TI_decompress_none)
                  0000d072    00000012                     : memcpy.c.obj (.text:memcpy)
                  0000d084    00000010     main.obj (.text:Timer_A)
                  0000d094    00000010     main.obj (.text:debouceDelay)
                  0000d0a4    00000010     rts430_eabi.lib : epilog.asm.obj (.text)
                  0000d0b4    0000000e                     : strlen.c.obj (.text:strlen)
                  0000d0c2    0000000c     main.obj (.text:waitForButton)
                  0000d0ce    00000008     rts430_eabi.lib : isr_trap.asm.obj (.text:_isr:__TI_ISR_TRAP)
                  0000d0d6    00000006                     : exit.c.obj (.text:abort)
                  0000d0dc    00000004                     : pre_init.c.obj (.text:_system_pre_init)
                  0000d0e0    00000002                     : _lock.c.obj (.text:_nop)
                  0000d0e2    00000002                     : startup.c.obj (.text:_system_post_cinit)

.const     0    0000d0e4    000000c0     
                  0000d0e4    0000009a     main.obj (.const:.string)
                  0000d17e    00000026     rts430_eabi.lib : _printfi.c.obj (.const:.string)

.cinit     0    0000d1a4    00000018     
                  0000d1a4    0000000f     (.cinit..data.load) [load image, compression = lzss]
                  0000d1b3    00000001     --HOLE-- [fill = 0]
                  0000d1b4    00000004     (__TI_handler_table)
                  0000d1b8    00000004     (__TI_cinit_table)

.binit     0    0000c000    00000000     

.init_array 
*          0    0000c000    00000000     UNINITIALIZED

TRAPINT    0    0000ffe0    00000002     
                  0000ffe0    00000002     rts430_eabi.lib : int00.asm.obj (.int00)

PORT1      0    0000ffe4    00000002     
                  0000ffe4    00000002     rts430_eabi.lib : int02.asm.obj (.int02)

PORT2      0    0000ffe6    00000002     
                  0000ffe6    00000002     rts430_eabi.lib : int03.asm.obj (.int03)

ADC10      0    0000ffea    00000002     
                  0000ffea    00000002     rts430_eabi.lib : int05.asm.obj (.int05)

USCIAB0TX 
*          0    0000ffec    00000002     
                  0000ffec    00000002     rts430_eabi.lib : int06.asm.obj (.int06)

USCIAB0RX 
*          0    0000ffee    00000002     
                  0000ffee    00000002     rts430_eabi.lib : int07.asm.obj (.int07)

TIMER0_A1 
*          0    0000fff0    00000002     
                  0000fff0    00000002     rts430_eabi.lib : int08.asm.obj (.int08)

TIMER0_A0 
*          0    0000fff2    00000002     
                  0000fff2    00000002     main.obj (.int09)

WDT        0    0000fff4    00000002     
                  0000fff4    00000002     rts430_eabi.lib : int10.asm.obj (.int10)

COMPARATORA 
*          0    0000fff6    00000002     
                  0000fff6    00000002     rts430_eabi.lib : int11.asm.obj (.int11)

TIMER1_A1 
*          0    0000fff8    00000002     
                  0000fff8    00000002     rts430_eabi.lib : int12.asm.obj (.int12)

TIMER1_A0 
*          0    0000fffa    00000002     
                  0000fffa    00000002     rts430_eabi.lib : int13.asm.obj (.int13)

NMI        0    0000fffc    00000002     
                  0000fffc    00000002     rts430_eabi.lib : int14.asm.obj (.int14)

.reset     0    0000fffe    00000002     
                  0000fffe    00000002     rts430_eabi.lib : boot.c.obj (.reset)

$fill000   0    0000ffde    00000002     
                  0000ffde    00000002     --HOLE-- [fill = ffff]

MODULE SUMMARY

       Module                       code   ro data   rw data
       ------                       ----   -------   -------
    .\
       main.obj                     402    156       8      
       LCD.obj                      464    0         0      
    +--+----------------------------+------+---------+---------+
       Total:                       866    156       8      
                                                            
    C:\Program Files\TI\CCS2041\ccs\tools\compiler\ti-cgt-msp430_21.6.1.LTS\lib\rts430_eabi.lib
       _printfi.c.obj               716    38        0      
       mpyd.c.obj                   704    0         0      
       frcmpyd.c.obj                370    0         0      
       mult64.asm.obj               276    0         0      
       snprintf.c.obj               170    0         0      
       fltuld.c.obj                 138    0         0      
       copy_decompress_lzss.c.obj   124    0         0      
       lsr32.asm.obj                92     0         0      
       rand.c.obj                   80     0         4      
       lsr16.asm.obj                76     0         0      
       lsr64.c.obj                  70     0         0      
       lsl64.c.obj                  68     0         0      
       autoinit.c.obj               66     0         0      
       lsl32.asm.obj                62     0         0      
       asr16.asm.obj                44     0         0      
       div16s.asm.obj               44     0         0      
       lsl16.asm.obj                44     0         0      
       mult32.asm.obj               38     0         0      
       memccpy.c.obj                34     0         0      
       mult1632.asm.obj             34     0         0      
       boot.c.obj                   28     2         0      
       mult3264.asm.obj             30     0         0      
       div16u.asm.obj               22     0         0      
       memset.c.obj                 20     0         0      
       mult16.asm.obj               20     0         0      
       copy_decompress_none.c.obj   18     0         0      
       memcpy.c.obj                 18     0         0      
       epilog.asm.obj               16     0         0      
       strlen.c.obj                 14     0         0      
       isr_trap.asm.obj             8      0         0      
       _lock.c.obj                  2      0         4      
       exit.c.obj                   6      0         0      
       pre_init.c.obj               4      0         0      
       int00.asm.obj                0      2         0      
       int02.asm.obj                0      2         0      
       int03.asm.obj                0      2         0      
       int05.asm.obj                0      2         0      
       int06.asm.obj                0      2         0      
       int07.asm.obj                0      2         0      
       int08.asm.obj                0      2         0      
       int10.asm.obj                0      2         0      
       int11.asm.obj                0      2         0      
       int12.asm.obj                0      2         0      
       int13.asm.obj                0      2         0      
       int14.asm.obj                0      2         0      
       startup.c.obj                2      0         0      
    +--+----------------------------+------+---------+---------+
       Total:                       3458   64        8      
                                                            
       Stack:                       0      0         80     
       Linker Generated:            0      23        0      
    +--+----------------------------+------+---------+---------+
       Grand Total:                 4324   243       96     


LINKER GENERATED COPY TABLES

__TI_cinit_table @ 0000d1b8 records: 1, size/record: 4, table size: 4
	.data: load addr=0000d1a4, load size=0000000f bytes, run addr=00000200, run size=00000010 bytes, compression=lzss


LINKER GENERATED HANDLER TABLE

__TI_handler_table @ 0000d1b4 records: 2, size/record: 2, table size: 4
	index: 0, handler: __TI_decompress_lzss
	index: 1, handler: __TI_decompress_none


GLOBAL SYMBOLS: SORTED ALPHABETICALLY BY Name 

address   name                          
-------   ----                          
0000004a  ADC10AE0                      
000001b0  ADC10CTL0                     
000001b2  ADC10CTL1                     
00000048  ADC10DTC0                     
00000049  ADC10DTC1                     
000001b4  ADC10MEM                      
000001bc  ADC10SA                       
00000057  BCSCTL1                       
00000058  BCSCTL2                       
00000053  BCSCTL3                       
0000d0d6  C$$EXIT                       
00000059  CACTL1                        
0000005a  CACTL2                        
000010fb  CALBC1_12MHZ                  
000010f9  CALBC1_16MHZ                  
000010ff  CALBC1_1MHZ                   
000010fd  CALBC1_8MHZ                   
000010fa  CALDCO_12MHZ                  
000010f8  CALDCO_16MHZ                  
000010fe  CALDCO_1MHZ                   
000010fc  CALDCO_8MHZ                   
0000005b  CAPD                          
00000056  DCOCTL                        
00000128  FCTL1                         
0000012a  FCTL2                         
0000012c  FCTL3                         
00000000  IE1                           
00000001  IE2                           
00000002  IFG1                          
00000003  IFG2                          
00000022  P1DIR                         
00000025  P1IE                          
00000024  P1IES                         
00000023  P1IFG                         
00000020  P1IN                          
00000021  P1OUT                         
00000027  P1REN                         
00000026  P1SEL                         
00000041  P1SEL2                        
0000002a  P2DIR                         
0000002d  P2IE                          
0000002c  P2IES                         
0000002b  P2IFG                         
00000028  P2IN                          
00000029  P2OUT                         
0000002f  P2REN                         
0000002e  P2SEL                         
00000042  P2SEL2                        
0000001a  P3DIR                         
00000018  P3IN                          
00000019  P3OUT                         
00000010  P3REN                         
0000001b  P3SEL                         
00000043  P3SEL2                        
00000172  TA0CCR0                       
00000174  TA0CCR1                       
00000176  TA0CCR2                       
00000162  TA0CCTL0                      
00000164  TA0CCTL1                      
00000166  TA0CCTL2                      
00000160  TA0CTL                        
0000012e  TA0IV                         
00000170  TA0R                          
00000192  TA1CCR0                       
00000194  TA1CCR1                       
00000196  TA1CCR2                       
00000182  TA1CCTL0                      
00000184  TA1CCTL1                      
00000186  TA1CCTL2                      
00000180  TA1CTL                        
0000011e  TA1IV                         
00000190  TA1R                          
000010db  TLV_ADC10_1_LEN               
000010da  TLV_ADC10_1_TAG               
000010c0  TLV_CHECKSUM                  
000010f7  TLV_DCO_30_LEN                
000010f6  TLV_DCO_30_TAG                
0000d084  Timer_A                       
0000005d  UCA0ABCTL                     
00000062  UCA0BR0                       
00000063  UCA0BR1                       
00000060  UCA0CTL0                      
00000061  UCA0CTL1                      
0000005f  UCA0IRRCTL                    
0000005e  UCA0IRTCTL                    
00000064  UCA0MCTL                      
00000066  UCA0RXBUF                     
00000065  UCA0STAT                      
00000067  UCA0TXBUF                     
0000006a  UCB0BR0                       
0000006b  UCB0BR1                       
00000068  UCB0CTL0                      
00000069  UCB0CTL1                      
0000006c  UCB0I2CIE                     
00000118  UCB0I2COA                     
0000011a  UCB0I2CSA                     
0000006e  UCB0RXBUF                     
0000006d  UCB0STAT                      
0000006f  UCB0TXBUF                     
00000120  WDTCTL                        
00000400  __STACK_END                   
00000050  __STACK_SIZE                  
0000d1b8  __TI_CINIT_Base               
0000d1bc  __TI_CINIT_Limit              
0000d1bc  __TI_CINIT_Warm               
0000d1b4  __TI_Handler_Table_Base       
0000d1b8  __TI_Handler_Table_Limit      
0000d0ce  __TI_ISR_TRAP                 
0000cd22  __TI_auto_init_nobinit_nopinit
0000caa4  __TI_decompress_lzss          
0000d060  __TI_decompress_none          
0000c2c0  __TI_frcmpyd                  
0000ffe0  __TI_int00                    
0000ffe4  __TI_int02                    
0000ffe6  __TI_int03                    
0000ffea  __TI_int05                    
0000ffec  __TI_int06                    
0000ffee  __TI_int07                    
0000fff0  __TI_int08                    
0000fff2  __TI_int09                    
0000fff4  __TI_int10                    
0000fff6  __TI_int11                    
0000fff8  __TI_int12                    
0000fffa  __TI_int13                    
0000fffc  __TI_int14                    
ffffffff  __TI_pprof_out_hndl           
0000c7c2  __TI_printfi_minimal          
ffffffff  __TI_prof_data_size           
ffffffff  __TI_prof_data_start          
ffffffff  __c_args__                    
0000ce7a  __mspabi_divi                 
0000d00e  __mspabi_divu                 
0000ca1a  __mspabi_fltuld               
0000d0b0  __mspabi_func_epilog_1        
0000d0ae  __mspabi_func_epilog_2        
0000d0ac  __mspabi_func_epilog_3        
0000d0aa  __mspabi_func_epilog_4        
0000d0a8  __mspabi_func_epilog_5        
0000d0a6  __mspabi_func_epilog_6        
0000d0a4  __mspabi_func_epilog_7        
0000c000  __mspabi_mpyd                 
0000d038  __mspabi_mpyi                 
0000d038  __mspabi_mpyi_sw              
0000ced2  __mspabi_mpyl                 
0000ced2  __mspabi_mpyl_sw              
0000c6ae  __mspabi_mpyll                
0000c6ae  __mspabi_mpyll_sw             
0000cf1e  __mspabi_mpyul                
0000cf1e  __mspabi_mpyul_sw             
0000cf62  __mspabi_mpyull               
0000cf62  __mspabi_mpyull_sw            
0000ce7a  __mspabi_remi                 
0000d00e  __mspabi_remu                 
0000cea6  __mspabi_slli                 
0000cece  __mspabi_slli_1               
0000cebc  __mspabi_slli_10              
0000ceba  __mspabi_slli_11              
0000ceb8  __mspabi_slli_12              
0000ceb6  __mspabi_slli_13              
0000ceb4  __mspabi_slli_14              
0000ceb2  __mspabi_slli_15              
0000cecc  __mspabi_slli_2               
0000ceca  __mspabi_slli_3               
0000cec8  __mspabi_slli_4               
0000cec6  __mspabi_slli_5               
0000cec4  __mspabi_slli_6               
0000cec2  __mspabi_slli_7               
0000cec0  __mspabi_slli_8               
0000cebe  __mspabi_slli_9               
0000cd9c  __mspabi_slll_1               
0000cd78  __mspabi_slll_10              
0000cd74  __mspabi_slll_11              
0000cd70  __mspabi_slll_12              
0000cd6c  __mspabi_slll_13              
0000cd68  __mspabi_slll_14              
0000cd64  __mspabi_slll_15              
0000cd98  __mspabi_slll_2               
0000cd94  __mspabi_slll_3               
0000cd90  __mspabi_slll_4               
0000cd8c  __mspabi_slll_5               
0000cd88  __mspabi_slll_6               
0000cd84  __mspabi_slll_7               
0000cd80  __mspabi_slll_8               
0000cd7c  __mspabi_slll_9               
0000ccde  __mspabi_sllll                
0000ce4e  __mspabi_srai                 
0000ce76  __mspabi_srai_1               
0000ce64  __mspabi_srai_10              
0000ce62  __mspabi_srai_11              
0000ce60  __mspabi_srai_12              
0000ce5e  __mspabi_srai_13              
0000ce5c  __mspabi_srai_14              
0000ce5a  __mspabi_srai_15              
0000ce74  __mspabi_srai_2               
0000ce72  __mspabi_srai_3               
0000ce70  __mspabi_srai_4               
0000ce6e  __mspabi_srai_5               
0000ce6c  __mspabi_srai_6               
0000ce6a  __mspabi_srai_7               
0000ce68  __mspabi_srai_8               
0000ce66  __mspabi_srai_9               
0000cc4c  __mspabi_srli                 
0000cc92  __mspabi_srli_1               
0000cc6e  __mspabi_srli_10              
0000cc6a  __mspabi_srli_11              
0000cc66  __mspabi_srli_12              
0000cc62  __mspabi_srli_13              
0000cc5e  __mspabi_srli_14              
0000cc5a  __mspabi_srli_15              
0000cc8e  __mspabi_srli_2               
0000cc8a  __mspabi_srli_3               
0000cc86  __mspabi_srli_4               
0000cc82  __mspabi_srli_5               
0000cc7e  __mspabi_srli_6               
0000cc7a  __mspabi_srli_7               
0000cc76  __mspabi_srli_8               
0000cc72  __mspabi_srli_9               
0000cbee  __mspabi_srll_1               
0000cbb8  __mspabi_srll_10              
0000cbb2  __mspabi_srll_11              
0000cbac  __mspabi_srll_12              
0000cba6  __mspabi_srll_13              
0000cba0  __mspabi_srll_14              
0000cb9a  __mspabi_srll_15              
0000cbe8  __mspabi_srll_2               
0000cbe2  __mspabi_srll_3               
0000cbdc  __mspabi_srll_4               
0000cbd6  __mspabi_srll_5               
0000cbd0  __mspabi_srll_6               
0000cbca  __mspabi_srll_7               
0000cbc4  __mspabi_srll_8               
0000cbbe  __mspabi_srll_9               
0000cc98  __mspabi_srlll                
0000cfda  _c_int00_noargs               
0000020c  _lock                         
0000d0e0  _nop                          
0000fffe  _reset_vector                 
000003b0  _stack                        
0000d0e2  _system_post_cinit            
0000d0dc  _system_pre_init              
0000020e  _unlock                       
0000d0d6  abort                         
0000d094  debouceDelay                  
0000cb20  initLCD                       
0000c432  main                          
0000cf40  memccpy                       
0000d072  memcpy                        
0000d024  memset                        
0000c978  printLongString               
0000cf9e  printString                   
0000cfbc  pulseEnable                   
0000cde0  rand                          
00000206  random_seed                   
00000204  running                       
0000cbf6  snprintf                      
0000cff6  srand                         
0000d0b4  strlen                        
00000200  time_count                    
0000d0c2  waitForButton                 
0000cef8  writeChar                     
0000cda2  writeCommand                  
0000d04c  writeNibble                   


GLOBAL SYMBOLS: SORTED BY Symbol Address 

address   name                          
-------   ----                          
00000000  IE1                           
00000001  IE2                           
00000002  IFG1                          
00000003  IFG2                          
00000010  P3REN                         
00000018  P3IN                          
00000019  P3OUT                         
0000001a  P3DIR                         
0000001b  P3SEL                         
00000020  P1IN                          
00000021  P1OUT                         
00000022  P1DIR                         
00000023  P1IFG                         
00000024  P1IES                         
00000025  P1IE                          
00000026  P1SEL                         
00000027  P1REN                         
00000028  P2IN                          
00000029  P2OUT                         
0000002a  P2DIR                         
0000002b  P2IFG                         
0000002c  P2IES                         
0000002d  P2IE                          
0000002e  P2SEL                         
0000002f  P2REN                         
00000041  P1SEL2                        
00000042  P2SEL2                        
00000043  P3SEL2                        
00000048  ADC10DTC0                     
00000049  ADC10DTC1                     
0000004a  ADC10AE0                      
00000050  __STACK_SIZE                  
00000053  BCSCTL3                       
00000056  DCOCTL                        
00000057  BCSCTL1                       
00000058  BCSCTL2                       
00000059  CACTL1                        
0000005a  CACTL2                        
0000005b  CAPD                          
0000005d  UCA0ABCTL                     
0000005e  UCA0IRTCTL                    
0000005f  UCA0IRRCTL                    
00000060  UCA0CTL0                      
00000061  UCA0CTL1                      
00000062  UCA0BR0                       
00000063  UCA0BR1                       
00000064  UCA0MCTL                      
00000065  UCA0STAT                      
00000066  UCA0RXBUF                     
00000067  UCA0TXBUF                     
00000068  UCB0CTL0                      
00000069  UCB0CTL1                      
0000006a  UCB0BR0                       
0000006b  UCB0BR1                       
0000006c  UCB0I2CIE                     
0000006d  UCB0STAT                      
0000006e  UCB0RXBUF                     
0000006f  UCB0TXBUF                     
00000118  UCB0I2COA                     
0000011a  UCB0I2CSA                     
0000011e  TA1IV                         
00000120  WDTCTL                        
00000128  FCTL1                         
0000012a  FCTL2                         
0000012c  FCTL3                         
0000012e  TA0IV                         
00000160  TA0CTL                        
00000162  TA0CCTL0                      
00000164  TA0CCTL1                      
00000166  TA0CCTL2                      
00000170  TA0R                          
00000172  TA0CCR0                       
00000174  TA0CCR1                       
00000176  TA0CCR2                       
00000180  TA1CTL                        
00000182  TA1CCTL0                      
00000184  TA1CCTL1                      
00000186  TA1CCTL2                      
00000190  TA1R                          
00000192  TA1CCR0                       
00000194  TA1CCR1                       
00000196  TA1CCR2                       
000001b0  ADC10CTL0                     
000001b2  ADC10CTL1                     
000001b4  ADC10MEM                      
000001bc  ADC10SA                       
00000200  time_count                    
00000204  running                       
00000206  random_seed                   
0000020c  _lock                         
0000020e  _unlock                       
000003b0  _stack                        
00000400  __STACK_END                   
000010c0  TLV_CHECKSUM                  
000010da  TLV_ADC10_1_TAG               
000010db  TLV_ADC10_1_LEN               
000010f6  TLV_DCO_30_TAG                
000010f7  TLV_DCO_30_LEN                
000010f8  CALDCO_16MHZ                  
000010f9  CALBC1_16MHZ                  
000010fa  CALDCO_12MHZ                  
000010fb  CALBC1_12MHZ                  
000010fc  CALDCO_8MHZ                   
000010fd  CALBC1_8MHZ                   
000010fe  CALDCO_1MHZ                   
000010ff  CALBC1_1MHZ                   
0000c000  __mspabi_mpyd                 
0000c2c0  __TI_frcmpyd                  
0000c432  main                          
0000c6ae  __mspabi_mpyll                
0000c6ae  __mspabi_mpyll_sw             
0000c7c2  __TI_printfi_minimal          
0000c978  printLongString               
0000ca1a  __mspabi_fltuld               
0000caa4  __TI_decompress_lzss          
0000cb20  initLCD                       
0000cb9a  __mspabi_srll_15              
0000cba0  __mspabi_srll_14              
0000cba6  __mspabi_srll_13              
0000cbac  __mspabi_srll_12              
0000cbb2  __mspabi_srll_11              
0000cbb8  __mspabi_srll_10              
0000cbbe  __mspabi_srll_9               
0000cbc4  __mspabi_srll_8               
0000cbca  __mspabi_srll_7               
0000cbd0  __mspabi_srll_6               
0000cbd6  __mspabi_srll_5               
0000cbdc  __mspabi_srll_4               
0000cbe2  __mspabi_srll_3               
0000cbe8  __mspabi_srll_2               
0000cbee  __mspabi_srll_1               
0000cbf6  snprintf                      
0000cc4c  __mspabi_srli                 
0000cc5a  __mspabi_srli_15              
0000cc5e  __mspabi_srli_14              
0000cc62  __mspabi_srli_13              
0000cc66  __mspabi_srli_12              
0000cc6a  __mspabi_srli_11              
0000cc6e  __mspabi_srli_10              
0000cc72  __mspabi_srli_9               
0000cc76  __mspabi_srli_8               
0000cc7a  __mspabi_srli_7               
0000cc7e  __mspabi_srli_6               
0000cc82  __mspabi_srli_5               
0000cc86  __mspabi_srli_4               
0000cc8a  __mspabi_srli_3               
0000cc8e  __mspabi_srli_2               
0000cc92  __mspabi_srli_1               
0000cc98  __mspabi_srlll                
0000ccde  __mspabi_sllll                
0000cd22  __TI_auto_init_nobinit_nopinit
0000cd64  __mspabi_slll_15              
0000cd68  __mspabi_slll_14              
0000cd6c  __mspabi_slll_13              
0000cd70  __mspabi_slll_12              
0000cd74  __mspabi_slll_11              
0000cd78  __mspabi_slll_10              
0000cd7c  __mspabi_slll_9               
0000cd80  __mspabi_slll_8               
0000cd84  __mspabi_slll_7               
0000cd88  __mspabi_slll_6               
0000cd8c  __mspabi_slll_5               
0000cd90  __mspabi_slll_4               
0000cd94  __mspabi_slll_3               
0000cd98  __mspabi_slll_2               
0000cd9c  __mspabi_slll_1               
0000cda2  writeCommand                  
0000cde0  rand                          
0000ce4e  __mspabi_srai                 
0000ce5a  __mspabi_srai_15              
0000ce5c  __mspabi_srai_14              
0000ce5e  __mspabi_srai_13              
0000ce60  __mspabi_srai_12              
0000ce62  __mspabi_srai_11              
0000ce64  __mspabi_srai_10              
0000ce66  __mspabi_srai_9               
0000ce68  __mspabi_srai_8               
0000ce6a  __mspabi_srai_7               
0000ce6c  __mspabi_srai_6               
0000ce6e  __mspabi_srai_5               
0000ce70  __mspabi_srai_4               
0000ce72  __mspabi_srai_3               
0000ce74  __mspabi_srai_2               
0000ce76  __mspabi_srai_1               
0000ce7a  __mspabi_divi                 
0000ce7a  __mspabi_remi                 
0000cea6  __mspabi_slli                 
0000ceb2  __mspabi_slli_15              
0000ceb4  __mspabi_slli_14              
0000ceb6  __mspabi_slli_13              
0000ceb8  __mspabi_slli_12              
0000ceba  __mspabi_slli_11              
0000cebc  __mspabi_slli_10              
0000cebe  __mspabi_slli_9               
0000cec0  __mspabi_slli_8               
0000cec2  __mspabi_slli_7               
0000cec4  __mspabi_slli_6               
0000cec6  __mspabi_slli_5               
0000cec8  __mspabi_slli_4               
0000ceca  __mspabi_slli_3               
0000cecc  __mspabi_slli_2               
0000cece  __mspabi_slli_1               
0000ced2  __mspabi_mpyl                 
0000ced2  __mspabi_mpyl_sw              
0000cef8  writeChar                     
0000cf1e  __mspabi_mpyul                
0000cf1e  __mspabi_mpyul_sw             
0000cf40  memccpy                       
0000cf62  __mspabi_mpyull               
0000cf62  __mspabi_mpyull_sw            
0000cf9e  printString                   
0000cfbc  pulseEnable                   
0000cfda  _c_int00_noargs               
0000cff6  srand                         
0000d00e  __mspabi_divu                 
0000d00e  __mspabi_remu                 
0000d024  memset                        
0000d038  __mspabi_mpyi                 
0000d038  __mspabi_mpyi_sw              
0000d04c  writeNibble                   
0000d060  __TI_decompress_none          
0000d072  memcpy                        
0000d084  Timer_A                       
0000d094  debouceDelay                  
0000d0a4  __mspabi_func_epilog_7        
0000d0a6  __mspabi_func_epilog_6        
0000d0a8  __mspabi_func_epilog_5        
0000d0aa  __mspabi_func_epilog_4        
0000d0ac  __mspabi_func_epilog_3        
0000d0ae  __mspabi_func_epilog_2        
0000d0b0  __mspabi_func_epilog_1        
0000d0b4  strlen                        
0000d0c2  waitForButton                 
0000d0ce  __TI_ISR_TRAP                 
0000d0d6  C$$EXIT                       
0000d0d6  abort                         
0000d0dc  _system_pre_init              
0000d0e0  _nop                          
0000d0e2  _system_post_cinit            
0000d1b4  __TI_Handler_Table_Base       
0000d1b8  __TI_CINIT_Base               
0000d1b8  __TI_Handler_Table_Limit      
0000d1bc  __TI_CINIT_Limit              
0000d1bc  __TI_CINIT_Warm               
0000ffe0  __TI_int00                    
0000ffe4  __TI_int02                    
0000ffe6  __TI_int03                    
0000ffea  __TI_int05                    
0000ffec  __TI_int06                    
0000ffee  __TI_int07                    
0000fff0  __TI_int08                    
0000fff2  __TI_int09                    
0000fff4  __TI_int10                    
0000fff6  __TI_int11                    
0000fff8  __TI_int12                    
0000fffa  __TI_int13                    
0000fffc  __TI_int14                    
0000fffe  _reset_vector                 
ffffffff  __TI_pprof_out_hndl           
ffffffff  __TI_prof_data_size           
ffffffff  __TI_prof_data_start          
ffffffff  __c_args__                    

[262 symbols]
